Status: 200

=== LAW RESULTS ===
  MVA-117               relevance=0.9  severity=medium  fallback=False

Total laws: 1
Response time: 2ms
Source: N/A

=== AI SUMMARY (first 300 chars) ===
Error: 'charmap' codec can't encode characters in position 0-1: character maps to <undefined>
